#-----------------------------------------------------------
# Vivado v2019.1.3 (64-bit)
# SW Build 2644227 on Wed Sep  4 09:45:24 MDT 2019
# IP Build 2633630 on Wed Sep  4 12:30:14 MDT 2019
# Start of session at: Tue Apr 11 10:37:26 2023
# Process ID: 13320
# Current directory: C:/Users/G/CODE/proj_Vivado/FPGA-Audio-Visualizer/Video/VGA_DRIVER_1
# Command line: vivado.exe -gui_launcher_event rodinguilauncherevent8964 C:\Users\G\CODE\proj_Vivado\FPGA-Audio-Visualizer\Video\VGA_DRIVER_1\VGA_CODE_EXAMPLE.xpr
# Log file: C:/Users/G/CODE/proj_Vivado/FPGA-Audio-Visualizer/Video/VGA_DRIVER_1/vivado.log
# Journal file: C:/Users/G/CODE/proj_Vivado/FPGA-Audio-Visualizer/Video/VGA_DRIVER_1\vivado.jou
#-----------------------------------------------------------
start_gui
open_project C:/Users/G/CODE/proj_Vivado/FPGA-Audio-Visualizer/Video/VGA_DRIVER_1/VGA_CODE_EXAMPLE.xpr
update_compile_order -fileset sources_1
reset_run synth_1
launch_runs impl_1 -to_step write_bitstream -jobs 4
wait_on_run impl_1
open_hw
connect_hw_server
open_hw_target
set_property PROGRAM.FILE {C:/Users/G/CODE/proj_Vivado/FPGA-Audio-Visualizer/Video/VGA_DRIVER_1/VGA_CODE_EXAMPLE.runs/impl_1/VGA.bit} [get_hw_devices xc7z020_1]
current_hw_device [get_hw_devices xc7z020_1]
refresh_hw_device -update_hw_probes false [lindex [get_hw_devices xc7z020_1] 0]
set_property PROBES.FILE {} [get_hw_devices xc7z020_1]
set_property FULL_PROBES.FILE {} [get_hw_devices xc7z020_1]
set_property PROGRAM.FILE {C:/Users/G/CODE/proj_Vivado/FPGA-Audio-Visualizer/Video/VGA_DRIVER_1/VGA_CODE_EXAMPLE.runs/impl_1/VGA.bit} [get_hw_devices xc7z020_1]
program_hw_devices [get_hw_devices xc7z020_1]
refresh_hw_device [lindex [get_hw_devices xc7z020_1] 0]
reset_run synth_1
launch_runs impl_1 -to_step write_bitstream -jobs 4
wait_on_run impl_1
reset_run synth_1
launch_runs impl_1 -to_step write_bitstream -jobs 4
wait_on_run impl_1
import_files -fileset utils_1 C:/Users/G/CODE/proj_Vivado/video_VGA/VGA_EXAMPLE/script.tcl
set_property STEPS.WRITE_BITSTREAM.TCL.PRE [ get_files C:/Users/G/CODE/proj_Vivado/FPGA-Audio-Visualizer/Video/VGA_DRIVER_1/VGA_CODE_EXAMPLE.srcs/utils_1/imports/VGA_EXAMPLE/script.tcl -of [get_fileset utils_1] ] [get_runs impl_1]
set_property STEPS.WRITE_BITSTREAM.TCL.PRE [ get_files C:/Users/G/CODE/proj_Vivado/FPGA-Audio-Visualizer/Video/VGA_DRIVER_1/VGA_CODE_EXAMPLE.srcs/utils_1/imports/VGA_EXAMPLE/script.tcl -of [get_fileset utils_1] ] [get_runs impl_1]
reset_run impl_1 -prev_step 
launch_runs impl_1 -to_step write_bitstream -jobs 4
wait_on_run impl_1
set_property PROBES.FILE {} [get_hw_devices xc7z020_1]
set_property FULL_PROBES.FILE {} [get_hw_devices xc7z020_1]
set_property PROGRAM.FILE {C:/Users/G/CODE/proj_Vivado/FPGA-Audio-Visualizer/Video/VGA_DRIVER_1/VGA_CODE_EXAMPLE.runs/impl_1/VGA.bit} [get_hw_devices xc7z020_1]
program_hw_devices [get_hw_devices xc7z020_1]
refresh_hw_device [lindex [get_hw_devices xc7z020_1] 0]
set_property PROBES.FILE {} [get_hw_devices xc7z020_1]
set_property FULL_PROBES.FILE {} [get_hw_devices xc7z020_1]
set_property PROGRAM.FILE {C:/Users/G/CODE/proj_Vivado/FPGA-Audio-Visualizer/Video/VGA_DRIVER_1/VGA_CODE_EXAMPLE.runs/impl_1/VGA.bit} [get_hw_devices xc7z020_1]
program_hw_devices [get_hw_devices xc7z020_1]
refresh_hw_device [lindex [get_hw_devices xc7z020_1] 0]
synth_design -rtl -name rtl_1
