Copyright 1986-2019 Xilinx, Inc. All Rights Reserved.
---------------------------------------------------------------------------------------
| Tool Version : Vivado v.2019.1 (win64) Build 2552052 Fri May 24 14:49:42 MDT 2019
| Date         : Sat May 27 23:00:42 2023
| Host         : ROGG15 running 64-bit major release  (build 9200)
| Command      : report_control_sets -verbose -file Visualizer_control_sets_placed.rpt
| Design       : Visualizer
| Device       : xc7z020
---------------------------------------------------------------------------------------

Control Set Information

Table of Contents
-----------------
1. Summary
2. Histogram
3. Flip-Flop Distribution
4. Detailed Control Set Information

1. Summary
----------

+----------------------------------------------------------+-------+
|                          Status                          | Count |
+----------------------------------------------------------+-------+
| Total control sets                                       |   101 |
|    Minimum number of control sets                        |   101 |
|    Addition due to synthesis replication                 |     0 |
|    Addition due to physical synthesis replication        |     0 |
| Unused register locations in slices containing registers |   353 |
+----------------------------------------------------------+-------+
* Control sets can be merged at opt_design using control_set_merge or merge_equivalent_drivers
** Run report_qor_suggestions for automated merging and remapping suggestions


2. Histogram
------------

+--------------------+-------+
|       Fanout       | Count |
+--------------------+-------+
| Total control sets |   101 |
| >= 0 to < 4        |     9 |
| >= 4 to < 6        |    46 |
| >= 6 to < 8        |     4 |
| >= 8 to < 10       |     9 |
| >= 10 to < 12      |     1 |
| >= 12 to < 14      |     0 |
| >= 14 to < 16      |     1 |
| >= 16              |    31 |
+--------------------+-------+
* Control sets can be remapped at either synth_design or opt_design


3. Flip-Flop Distribution
-------------------------

+--------------+-----------------------+------------------------+-----------------+--------------+
| Clock Enable | Synchronous Set/Reset | Asynchronous Set/Reset | Total Registers | Total Slices |
+--------------+-----------------------+------------------------+-----------------+--------------+
| No           | No                    | No                     |             173 |           93 |
| No           | No                    | Yes                    |             102 |           32 |
| No           | Yes                   | No                     |              72 |           21 |
| Yes          | No                    | No                     |            4407 |         1084 |
| Yes          | No                    | Yes                    |              60 |           24 |
| Yes          | Yes                   | No                     |             417 |          125 |
+--------------+-----------------------+------------------------+-----------------+--------------+


4. Detailed Control Set Information
-----------------------------------

+--------------------------------------------+-----------------------------------------------------------------------------------------------------------+---------------------------------------------------------------------------------------------------------------------------------+------------------+----------------+
|                Clock Signal                |                                               Enable Signal                                               |                                                         Set/Reset Signal                                                        | Slice Load Count | Bel Load Count |
+--------------------------------------------+-----------------------------------------------------------------------------------------------------------+---------------------------------------------------------------------------------------------------------------------------------+------------------+----------------+
|  Audio/i_clocking/CLK_48                   | Audio/Inst_adau1761_izedboard/Inst_i2c/Inst_i3c2/i2c_sda_t_i_1_n_0                                        |                                                                                                                                 |                1 |              1 |
|  Audio/i_clocking/CLK_48                   | Audio/Inst_adau1761_izedboard/Inst_i2c/Inst_i3c2/i2c_scl_i_1_n_0                                          |                                                                                                                                 |                1 |              1 |
|  DFT/clk_100_100k/CLK                      | DFT/DFT_block/U0/i_synth/i/control_u/findAddrA_u/dft235_find_addr_u/E[0]                                  | DFT/DFT_block/U0/i_synth/i/control_u/findAddrA_u/dft235_find_addr_u/addr_shift_value[6]_i_1_n_0                                 |                1 |              1 |
|  DFT/clk_100_100k/CLK                      | DFT/DFT_block/U0/i_synth/i/size_lut_u/table_reg[N]                                                        |                                                                                                                                 |                1 |              1 |
|  DFT/clk_100_100k/CLK                      | DFT/DFT_block/U0/i_synth/i/control_u/findAddrA_u/dft235_find_addr_u/E[0]                                  | DFT/DFT_block/U0/i_synth/i/control_u/findAddrA_u/dft235_find_addr_u/a24_s5                                                      |                1 |              1 |
|  DFT/clk_100_100k/CLK                      | DFT/CE                                                                                                    | DFT/DFT_block/U0/i_synth/i/coef_gen.coef_mem_u/s2s3_reg.s3_theta[3]_i_1_n_0                                                     |                1 |              2 |
|  Hsync_OBUF_BUFG                           |                                                                                                           |                                                                                                                                 |                2 |              2 |
|  DFT/clk_100_100k/CLK                      | DFT/CE                                                                                                    | DFT/DFT_block/U0/i_synth/i/butterfly_u/DATA_VALID_MASK_DEL/SR[0]                                                                |                2 |              3 |
|  DFT/clk_100_100k/CLK                      | DFT/DFT_block/U0/i_synth/i/control_u/findAddrA_u/dft235_find_addr_u/n4_minus_stage                        | DFT/DFT_block/U0/i_synth/i/control_u/findAddrA_u/dft235_find_addr_u/n4_minus_stage[6]_i_1_n_0                                   |                1 |              3 |
|  Audio/i_clocking/CLK_48                   | Audio/Inst_adau1761_izedboard/Inst_i2c/Inst_i3c2/i2c_bits_left0                                           |                                                                                                                                 |                2 |              4 |
|  DFT/counter_block/terminal_count_reg_0    |                                                                                                           | DFT/ADDR_dft[3]_i_2_n_0                                                                                                         |                1 |              4 |
|  DFT/clk_100_100k/CLK                      | DFT/DFT_block/U0/i_synth/i/control_u/findAddrA_u/dft235_find_addr_u/CE_2[0]                               | DFT/DFT_block/U0/i_synth/i/control_u/findAddrA_u/dft235_find_addr_u/ao50                                                        |                1 |              4 |
|  DFT/clk_100_100k/CLK                      | DFT/DFT_block/U0/i_synth/i/control_u/findAddrA_u/dft235_find_addr_u/CE_2[0]                               | DFT/DFT_block/U0/i_synth/i/control_u/findAddrA_u/dft235_find_addr_u/ao51                                                        |                2 |              4 |
|  DFT/clk_100_100k/CLK                      | DFT/DFT_block/U0/i_synth/i/control_u/wait_r423_counter[3]_i_1_n_0                                         |                                                                                                                                 |                3 |              4 |
|  DFT/clk_100_100k/CLK                      | DFT/CE                                                                                                    | DFT/DFT_block/U0/i_synth/i/control_u/findAddrA_u/dft_state_delay_reg[9][3]_5                                                    |                3 |              4 |
|  DFT/clk_100_100k/CLK                      | DFT/DFT_block/U0/i_synth/i/control_u/addr_start_delay_cnt                                                 | DFT/DFT_block/U0/i_synth/i/control_u/addr_start_delay_cnt[3]_i_1_n_0                                                            |                1 |              4 |
|  DFT/clk_100_100k/CLK                      | DFT/CE                                                                                                    | DFT/DFT_block/U0/i_synth/i/control_u/findAddrA_u/dft_state_delay_reg[9][1]                                                      |                2 |              4 |
|  DFT/clk_100_100k/CLK                      | DFT/CE                                                                                                    | DFT/DFT_block/U0/i_synth/i/control_u/findAddrA_u/dft_state_delay_reg[9][3]_3                                                    |                4 |              4 |
|  DFT/clk_100_100k/CLK                      | DFT/CE                                                                                                    | DFT/DFT_block/U0/i_synth/i/control_u/findAddrA_u/dft_state_delay_reg[9][3]_4                                                    |                4 |              4 |
|  clk_25                                    | Video/Video_output/ram_index[3]_i_2_n_0                                                                   | Video/Video_output/ram_index[3]_i_1_n_0                                                                                         |                1 |              4 |
|  DFT/clk_100_100k/CLK                      | DFT/CE                                                                                                    | DFT/DFT_block/U0/i_synth/i/control_u/findAddrA_u/dft_state_delay_reg[9][3]_0                                                    |                2 |              4 |
|  DFT/clk_100_100k/CLK                      | DFT/CE                                                                                                    | DFT/DFT_block/U0/i_synth/i/control_u/findAddrA_u/dft_state_delay_reg[9][3]_6                                                    |                2 |              4 |
|  DFT/clk_100_100k/CLK                      | DFT/CE                                                                                                    | DFT/DFT_block/U0/i_synth/i/control_u/findAddrA_u/dft_state_delay_reg[9][3]                                                      |                4 |              4 |
|  DFT/clk_100_100k/CLK                      | DFT/CE                                                                                                    | DFT/DFT_block/U0/i_synth/i/control_u/findAddrA_u/dft_state_delay_reg[9][3]_1                                                    |                2 |              4 |
|  DFT/clk_100_100k/CLK                      | DFT/CE                                                                                                    | DFT/DFT_block/U0/i_synth/i/control_u/findAddrA_u/dft_state_delay_reg[9][3]_2                                                    |                2 |              4 |
|  DFT/clk_100_100k/CLK                      | DFT/CE                                                                                                    | DFT/DFT_block/U0/i_synth/i/control_u/we_r5[3]_i_1_n_0                                                                           |                1 |              4 |
|  DFT/clk_100_100k/CLK                      | DFT/DFT_block/U0/i_synth/i/control_u/findAddrA_u/dft235_find_addr_u/b0                                    | DFT/DFT_block/U0/i_synth/i/control_u/findAddrA_u/dft235_find_addr_u/adrbase_s6[3]_i_1_n_0                                       |                1 |              4 |
|  Audio/i_clocking/CLK_48                   | Audio/Inst_adau1761_izedboard/Inst_i2c/Inst_i3c2/state[3]_i_1_n_0                                         |                                                                                                                                 |                4 |              4 |
|  DFT/clk_100_100k/CLK                      | DFT/DFT_block/U0/i_synth/i/control_u/findAddrA_u/dft235_find_addr_u/stepsftd_s70                          | DFT/DFT_block/U0/i_synth/i/control_u/findAddrA_u/dft235_find_addr_u/stepsftd_s7[3]_i_1_n_0                                      |                1 |              4 |
|  DFT/clk_100_100k/CLK                      | DFT/counter_block/count_enable                                                                            | DFT/counter_block/counter_value_temp[4]_i_1_n_0                                                                                 |                2 |              5 |
|  clk_25                                    | Video/Video_output/bar_height[1]_0                                                                        | reset_IBUF                                                                                                                      |                1 |              5 |
|  clk_25                                    | Video/Video_output/bar_height[6]_5                                                                        | reset_IBUF                                                                                                                      |                2 |              5 |
|  clk_25                                    | Video/Video_output/bar_height[5]_4                                                                        | reset_IBUF                                                                                                                      |                2 |              5 |
|  clk_25                                    | Video/Video_output/bar_height[11][4]_i_1_n_0                                                              | reset_IBUF                                                                                                                      |                2 |              5 |
|  clk_25                                    | Video/Video_output/bar_height[2]_1                                                                        | reset_IBUF                                                                                                                      |                1 |              5 |
|  clk_25                                    | Video/Video_output/bar_height[7][4]_i_1_n_0                                                               | reset_IBUF                                                                                                                      |                2 |              5 |
|  DFT/counter_block/terminal_count_reg_0    |                                                                                                           |                                                                                                                                 |                2 |              5 |
|  DFT/clk_100_100k/CLK                      | DFT/DFT_block/U0/i_synth/i/control_u/findAddrA_u/gen_counter_v5.idx_counter_u/idx3_r24/CE                 | DFT/DFT_block/U0/i_synth/i/control_u/findAddrA_u/gen_counter_v5.idx_counter_u/idx5_r24/zero_allowed.value[4]_i_1__1_n_0         |                2 |              5 |
|  clk_100_IBUF_BUFG                         |                                                                                                           | RAM_DFT_mag/p_0_in                                                                                                              |                1 |              5 |
|  DFT/clk_100_100k/CLK                      | DFT/DFT_block/U0/i_synth/i/control_u/wait_r5_counter0                                                     |                                                                                                                                 |                2 |              5 |
|  DFT/highest_magnitude_temp_reg[4]_i_2_n_0 |                                                                                                           |                                                                                                                                 |                2 |              5 |
|  DFT/clk_100_100k/CLK                      | DFT/DFT_block/U0/i_synth/i/control_u/next_stage[2]_i_1_n_0                                                |                                                                                                                                 |                3 |              5 |
|  DFT/clk_100_100k/CLK                      | DFT/DFT_block/U0/i_synth/i/control_u/addr_radix                                                           |                                                                                                                                 |                1 |              5 |
|  DFT/clk_100_100k/CLK                      | DFT/DFT_block/U0/i_synth/i/control_u/FSM_sequential_dft_state[4]_i_1_n_0                                  |                                                                                                                                 |                5 |              5 |
|  DFT/clk_100_100k/CLK                      | DFT/DFT_block/U0/i_synth/i/control_u/findAddrA_u/gen_counter_v5.idx_counter_u/idx_big_counter/E[0]        | DFT/DFT_block/U0/i_synth/i/control_u/findAddrA_u/gen_counter_v5.idx_counter_u/idx5_phase35/zero_allowed.value[4]_i_1__0_n_0     |                2 |              5 |
|  DFT/clk_100_100k/CLK                      | DFT/DFT_block/U0/i_synth/i/control_u/findAddrA_u/gen_counter_v5.idx_counter_u/idx_big_counter/E[0]        | DFT/DFT_block/U0/i_synth/i/control_u/findAddrA_u/gen_counter_v5.idx_counter_u/idx5_r35/zero_allowed.value[4]_i_1_n_0            |                1 |              5 |
|  DFT/clk_100_100k/CLK                      | DFT/DFT_block/U0/i_synth/i/control_u/findAddrA_u/dft235_find_addr_u/p_5_out                               | DFT/DFT_block/U0/i_synth/i/control_u/findAddrA_u/dft235_find_addr_u/addr_int_s8[2]_35[8]                                        |                1 |              5 |
|  clk_25                                    | Video/Video_output/bar_height[10]_8                                                                       | reset_IBUF                                                                                                                      |                3 |              5 |
|  clk_25                                    | Video/Video_output/bar_height[8]_6                                                                        | reset_IBUF                                                                                                                      |                3 |              5 |
|  clk_25                                    | Video/Video_output/bar_height[9]_7                                                                        | reset_IBUF                                                                                                                      |                2 |              5 |
|  clk_25                                    | Video/Video_output/bar_height[4]_3                                                                        | reset_IBUF                                                                                                                      |                3 |              5 |
|  clk_25                                    | Video/Video_output/bar_height[0][4]_i_1_n_0                                                               | reset_IBUF                                                                                                                      |                1 |              5 |
|  clk_25                                    | Video/Video_output/bar_height[3]_2                                                                        | reset_IBUF                                                                                                                      |                2 |              5 |
|  DFT/clk_100_100k/CLK                      | DFT/DFT_block/U0/i_synth/i/control_u/findAddrA_u/dft235_find_addr_u/p_5_out                               | DFT/DFT_block/U0/i_synth/i/control_u/findAddrA_u/dft235_find_addr_u/latch_s8_gen.addr_int_s8[3][8]_i_1_n_0                      |                2 |              5 |
|  clk_100_buffered                          |                                                                                                           |                                                                                                                                 |                2 |              5 |
|  DFT/clk_100_100k/CLK                      | DFT/DFT_block/U0/i_synth/i/control_u/findAddrA_u/dft235_find_bank_u/BANK_reg[4]0                          |                                                                                                                                 |                3 |              6 |
|  DFT/clk_100_100k/CLK                      | DFT/DFT_block/U0/i_synth/i/control_u/findAddrA_u/gen_counter_v5.idx_counter_u/idx5_r24/npoint5i_reg[4][0] | DFT/DFT_block/U0/i_synth/i/control_u/findAddrA_u/gen_counter_v5.idx_counter_u/idx2_r24/SR[0]                                    |                2 |              6 |
|  DFT/clk_100_100k/CLK                      | DFT/DFT_block/U0/i_synth/i/control_u/findAddrA_u/gen_counter_v5.idx_counter_u/idx_big_counter/ce_valid    | DFT/DFT_block/U0/i_synth/i/control_u/findAddrA_u/gen_counter_v5.idx_counter_u/idx_phase35/zero_allowed.value[5]_i_1__0_n_0      |                2 |              6 |
|  DFT/clk_100_100k/CLK                      | DFT/DFT_block/U0/i_synth/i/control_u/findAddrA_u/dft235_find_addr_u/p_5_out                               | DFT/DFT_block/U0/i_synth/i/control_u/findAddrA_u/dft235_find_addr_u/addr_int_s8[4]_36                                           |                2 |              7 |
|  Audio/i_clocking/CLK_48                   | Audio/Inst_adau1761_izedboard/Inst_i2c/Inst_i3c2/bitcount[7]_i_1_n_0                                      |                                                                                                                                 |                4 |              8 |
|  Audio/i_clocking/CLK_48                   | Audio/Inst_adau1761_izedboard/Inst_i2s_data_interface/i2s_lr_last_i_1_n_0                                 | Audio/Inst_adau1761_izedboard/Inst_i2s_data_interface/sr_out[39]_i_1_n_0                                                        |                1 |              8 |
|  DFT/clk_100_100k/CLK                      | DFT/CE                                                                                                    | DFT/DFT_block/U0/i_synth/i/control_u/busmux_write_i[0]_130                                                                      |                4 |              8 |
|  DFT/clk_100_100k/CLK                      | DFT/DFT_block/U0/i_synth/i/control_u/findAddrA_u/gen_counter_v5.idx_counter_u/idx5_r35/value              | DFT/DFT_block/U0/i_synth/i/control_u/findAddrA_u/gen_counter_v5.idx_counter_u/idx3_r35/zero_not_allowed.value[7]_i_1_n_0        |                3 |              8 |
|  DFT/clk_100_100k/CLK                      | DFT/DFT_block/U0/i_synth/i/control_u/findAddrA_u/gen_counter_v5.idx_counter_u/idx_big_counter/ce_valid    | DFT/DFT_block/U0/i_synth/i/control_u/findAddrA_u/gen_counter_v5.idx_counter_u/idx3_r24/zero_allowed.value[7]_i_1_n_0            |                2 |              8 |
|  DFT/clk_100_100k/CLK                      | DFT/DFT_block/U0/i_synth/i/control_u/findAddrA_u/gen_counter_v5.idx_counter_u/idx5_phase35/E[0]           | DFT/DFT_block/U0/i_synth/i/control_u/findAddrA_u/gen_counter_v5.idx_counter_u/idx5_phase35/SR[0]                                |                3 |              8 |
|  Audio/i_clocking/CLK_48                   | Audio/Inst_adau1761_izedboard/Inst_i2c/Inst_i3c2/i2c_data[8]_i_1_n_0                                      |                                                                                                                                 |                4 |              9 |
|  DFT/clk_100_100k/CLK                      | DFT/DFT_block/U0/i_synth/i/control_u/findAddrA_u/gen_counter_v5.idx_counter_u/phase35[8]_i_2_n_0          | DFT/DFT_block/U0/i_synth/i/control_u/findAddrA_u/gen_counter_v5.idx_counter_u/idx_big_counter/SR[0]                             |                2 |              9 |
|  DFT/clk_100_100k/CLK                      | DFT/DFT_block/U0/i_synth/i/control_u/findAddrA_u/gen_counter_v5.idx_counter_u/idx_big_counter/ce_valid    | DFT/DFT_block/U0/i_synth/i/control_u/findAddrA_u/gen_counter_v5.idx_counter_u/idx_big_counter/zero_not_allowed.value[8]_i_1_n_0 |                2 |              9 |
|  clk_25                                    | Video/Video_output/gtOp                                                                                   | Video/Video_output/bar_index_rep[3]_i_1_n_0                                                                                     |                3 |             10 |
|  Audio/i_clocking/CLK_48                   |                                                                                                           |                                                                                                                                 |               11 |             14 |
|  Audio/i_clocking/CLK_48                   | Audio/Inst_adau1761_izedboard/Inst_i2c/Inst_i3c2/delay[15]_i_1_n_0                                        |                                                                                                                                 |                6 |             16 |
|  DFT/clk_100_100k/CLK                      | DFT/DFT_block/U0/i_synth/i/control_u/findAddrA_u/gen_counter_v5.idx_counter_u/idx_big_counter/ce_valid    | DFT/DFT_block/U0/i_synth/i/control_u/addr_start_reg_n_0                                                                         |                5 |             16 |
|  DFT/clk_100_100k/CLK                      | DFT/DFT_block/U0/i_synth/i/control_u/findAddrA_u/dft235_find_addr_u/stepsftd_s70                          |                                                                                                                                 |                4 |             17 |
|  Video/VGA_timings/Hactive_reg_0           |                                                                                                           | reset_IBUF                                                                                                                      |               11 |             19 |
|  Audio/i_clocking/CLK_48                   | Audio/Inst_adau1761_izedboard/Inst_i2c/Inst_i3c2/pcnext[9]_i_1_n_0                                        |                                                                                                                                 |                5 |             20 |
|  DFT/clk_100_100k/CLK                      | DFT/DFT_block/U0/i_synth/i/control_u/findAddrA_u/dft235_find_addr_u/b0                                    |                                                                                                                                 |                7 |             20 |
|  DFT/clk_100_100k/CLK                      | DFT/DFT_block/U0/i_synth/i/control_u/findAddrA_u/dft235_find_addr_u/p_5_out                               |                                                                                                                                 |                5 |             24 |
|  DFT/clk_100_100k/CLK                      | DFT/DFT_block/U0/i_synth/i/control_u/findAddrA_u/gen_counter_v5.idx_counter_u/idx_big_counter/ce_valid    |                                                                                                                                 |               11 |             25 |
|  clk_25                                    |                                                                                                           |                                                                                                                                 |               15 |             26 |
|  DFT/clk_100_100k/CLK                      | DFT/DFT_block/U0/i_synth/i/control_u/findAddrA_u/gen_counter_v5.idx_counter_u/CEP                         |                                                                                                                                 |                7 |             31 |
|  Hsync_OBUF_BUFG                           |                                                                                                           | reset_IBUF                                                                                                                      |                9 |             32 |
|  clk_25                                    |                                                                                                           | reset_IBUF                                                                                                                      |               13 |             33 |
|  clk_100_IBUF_BUFG                         |                                                                                                           | reset_IBUF                                                                                                                      |                9 |             33 |
|  DFT/clk_100_100k/CLK                      | DFT/CE                                                                                                    | DFT/DFT_block/U0/i_synth/i/coef_gen.coef_mem_u/s10s11_reg.s11_muxed_data[2][im][16]_i_1_n_0                                     |                7 |             34 |
|  clk_100_IBUF_BUFG                         | Audio/new_sample                                                                                          |                                                                                                                                 |                5 |             34 |
|  DFT/clk_100_100k/CLK                      | DFT/DFT_block/U0/i_synth/i/control_u/findAddrA_u/dft235_find_addr_u/E[0]                                  |                                                                                                                                 |                8 |             36 |
|  DFT/clk_100_100k/CLK                      | DFT/CE                                                                                                    | DFT/DFT_block/U0/i_synth/i/butterfly_u/CONTROL_PM1_DEL/CE_0                                                                     |                7 |             36 |
|  DFT/clk_100_100k/CLK                      | DFT/DFT_block/U0/i_synth/i/control_u/findAddrA_u/dft235_find_addr_u/CE_0[0]                               |                                                                                                                                 |                8 |             36 |
|  DFT/clk_100_100k/CLK                      | DFT/DFT_block/U0/i_synth/i/control_u/findAddrA_u/dft235_find_addr_u/CE_2[0]                               |                                                                                                                                 |                9 |             37 |
|  clk_100_IBUF_BUFG                         |                                                                                                           |                                                                                                                                 |               11 |             42 |
|  DFT/clk_100_100k/CLK                      | DFT/CE                                                                                                    | DFT/DFT_block/U0/i_synth/i/butterfly_u/TWIDDLE_MULT/TWIDDLE_MULT_1/COMPLEX_A2_DEL/DEL/SR[0]                                     |               12 |             44 |
|  DFT/clk_100_100k/CLK                      | DFT/DFT_block/U0/i_synth/i/control_u/findAddrA_u/dft235_find_addr_u/CE_1[0]                               |                                                                                                                                 |                8 |             47 |
|  Audio/i_clocking/CLK_48                   | Audio/Inst_adau1761_izedboard/Inst_i2s_data_interface/audio_l_out_n_0                                     |                                                                                                                                 |                8 |             48 |
|  clk_100_IBUF_BUFG                         |                                                                                                           | RAM_DFT_mag/dout_reg[1]_0                                                                                                       |                9 |             48 |
|  clk_100_buffered                          | Audio/new_sample_100                                                                                      |                                                                                                                                 |                7 |             48 |
|  clk_100_buffered                          | hphone_valid                                                                                              |                                                                                                                                 |                9 |             48 |
|  Audio/i_clocking/CLK_48                   | Audio/Inst_adau1761_izedboard/Inst_i2s_data_interface/i2s_lr_last_i_1_n_0                                 |                                                                                                                                 |               16 |             50 |
|  Audio/i_clocking/CLK_48                   | Audio/Inst_adau1761_izedboard/Inst_i2s_data_interface/sr_in[126]_i_1_n_0                                  |                                                                                                                                 |               15 |             52 |
|  DFT/clk_100_100k/CLK                      |                                                                                                           |                                                                                                                                 |               49 |             84 |
|  DFT/clk_100_100k/CLK                      | DFT/CE                                                                                                    | DFT/DFT_block/U0/i_synth/i/butterfly_u/R5P1_R3M_DEL/DEL/SR[0]                                                                   |               19 |             96 |
|  DFT/clk_100_100k/CLK                      | DFT/CE                                                                                                    |                                                                                                                                 |              912 |           4287 |
+--------------------------------------------+-----------------------------------------------------------------------------------------------------------+---------------------------------------------------------------------------------------------------------------------------------+------------------+----------------+


